// Jest Snapshot v1, https://goo.gl/fbAQLP

exports[`<Link/> component renders correctly 1`] = `
<DocumentFragment>
  <a
    class="chakra-link css-2otp49"
    data-testid="link"
    tabindex="0"
  >
    Click me
  </a>
  <span
    hidden=""
    id="__chakra_env"
  />
</DocumentFragment>
`;
